// Jest Snapshot v1, https://goo.gl/fbAQLP

exports[`Verify e2e behavior of the SDK with mocked network Verify checkGate and exposure logs 1`] = `
Object {
  "dynamic_configs": Object {
    "86mj1zUC35KaWoOqpe8SKEHQjRlXOzdLfiTJU/iU+vc=": Object {
      "group": "5yQbPMfmKQdiRV35hS3B2l",
      "group_name": "Control",
      "id_type": "userID",
      "is_device_based": false,
      "is_experiment_active": true,
      "is_user_in_experiment": true,
      "name": "86mj1zUC35KaWoOqpe8SKEHQjRlXOzdLfiTJU/iU+vc=",
      "rule_id": "5yQbPMfmKQdiRV35hS3B2l",
      "secondary_exposures": Array [],
      "value": Object {
        "sample_parameter": false,
      },
    },
    "BYdogc4bXxkqfoDOnfjlh1Ij+5QKjNp0rACKdwBL+vc=": Object {
      "group": "",
      "is_device_based": false,
      "is_experiment_active": false,
      "is_user_in_experiment": false,
      "name": "BYdogc4bXxkqfoDOnfjlh1Ij+5QKjNp0rACKdwBL+vc=",
      "rule_id": "",
      "secondary_exposures": Array [],
      "value": Object {},
    },
    "RMv0YJlLOBe7cY7HgZ3Jox34R0Wrk7jLv3DZyBETA7I=": Object {
      "group": "4lInPNRUnjUzaWNkEWLFA9",
      "group_name": "statsig emails",
      "id_type": "userID",
      "is_device_based": false,
      "name": "RMv0YJlLOBe7cY7HgZ3Jox34R0Wrk7jLv3DZyBETA7I=",
      "rule_id": "4lInPNRUnjUzaWNkEWLFA9",
      "secondary_exposures": Array [],
      "value": Object {
        "boolean": false,
        "number": 7,
        "string": "statsig",
      },
    },
    "S52jGlsKiXpNsVbAbe/hcTxLnaHOVT+rNsVP/ibJitY=": Object {
      "group": "prestart",
      "group_name": "Unstarted",
      "id_type": "userID",
      "is_device_based": false,
      "name": "S52jGlsKiXpNsVbAbe/hcTxLnaHOVT+rNsVP/ibJitY=",
      "rule_id": "prestart",
      "secondary_exposures": Array [],
      "value": Object {},
    },
    "n4bQgYhMfWWaL+qgxVrQFaO/TxsrC4Is0V1sFbDwCgg=": Object {
      "group": "prestart",
      "group_name": "Unstarted",
      "id_type": "userID",
      "is_device_based": false,
      "is_experiment_active": false,
      "is_user_in_experiment": false,
      "name": "n4bQgYhMfWWaL+qgxVrQFaO/TxsrC4Is0V1sFbDwCgg=",
      "rule_id": "prestart",
      "secondary_exposures": Array [],
      "value": Object {},
    },
  },
  "evaluated_keys": Object {
    "userID": "123",
  },
  "feature_gates": Object {
    "KfJ1sBBfnL8SwCIxTAyfnj6DiWIyR7uSqimZADQi4Jg=": Object {
      "id_type": "userID",
      "name": "KfJ1sBBfnL8SwCIxTAyfnj6DiWIyR7uSqimZADQi4Jg=",
      "rule_id": "",
      "secondary_exposures": Array [],
      "value": false,
    },
    "OqAaBJ4fpvUSJVicA+jDgotK2OKGJmKxbu+Icyq30P4=": Object {
      "id_type": "userID",
      "name": "OqAaBJ4fpvUSJVicA+jDgotK2OKGJmKxbu+Icyq30P4=",
      "rule_id": "2DWuOvXQZWKvoaNm27dqcs",
      "secondary_exposures": Array [],
      "value": true,
    },
    "rGc+6rvo48V4j1sXkvsGHeSfJfY7kMp1OHfQnw+3XbI=": Object {
      "id_type": "userID",
      "name": "rGc+6rvo48V4j1sXkvsGHeSfJfY7kMp1OHfQnw+3XbI=",
      "rule_id": "2DWuOvXQZWKvoaNm27dqcs",
      "secondary_exposures": Array [],
      "value": true,
    },
    "srhBjpz3NFHATrntxEsdHManNXJQZawtJUkQ3s0XT3Q=": Object {
      "id_type": "userID",
      "name": "srhBjpz3NFHATrntxEsdHManNXJQZawtJUkQ3s0XT3Q=",
      "rule_id": "3jdTW54SQWbbxFFZJe7wYZ",
      "secondary_exposures": Array [],
      "value": true,
    },
  },
  "generator": "statsig-node-lite-sdk",
  "has_updates": true,
  "hash_used": "sha256",
  "layer_configs": Object {
    "FTO1PR918Bsjs1iw6DncMVhpCn/IOS7ZqNYbj2i9Iqg=": Object {
      "explicit_parameters": Array [],
      "group": "default",
      "is_device_based": false,
      "name": "FTO1PR918Bsjs1iw6DncMVhpCn/IOS7ZqNYbj2i9Iqg=",
      "rule_id": "default",
      "secondary_exposures": Array [],
      "undelegated_secondary_exposures": Array [],
      "value": Object {},
    },
    "VHos7km3/fakqhmzEGAt7ATTscBP6wEqSUicn9BX1IM=": Object {
      "allocated_experiment_name": "BYdogc4bXxkqfoDOnfjlh1Ij+5QKjNp0rACKdwBL+vc=",
      "explicit_parameters": Array [],
      "group": "",
      "group_name": "everyone",
      "is_device_based": false,
      "is_experiment_active": false,
      "is_user_in_experiment": false,
      "name": "VHos7km3/fakqhmzEGAt7ATTscBP6wEqSUicn9BX1IM=",
      "rule_id": "",
      "secondary_exposures": Array [],
      "undelegated_secondary_exposures": Array [],
      "value": Object {},
    },
    "yD2Hj5ZefkntKmIwhN9K8Hvdh7helm9hqzp8B9Ng8xc=": Object {
      "allocated_experiment_name": "86mj1zUC35KaWoOqpe8SKEHQjRlXOzdLfiTJU/iU+vc=",
      "explicit_parameters": Array [],
      "group": "5yQbPMfmKQdiRV35hS3B2l",
      "group_name": "Control",
      "is_device_based": false,
      "is_experiment_active": true,
      "is_user_in_experiment": true,
      "name": "yD2Hj5ZefkntKmIwhN9K8Hvdh7helm9hqzp8B9Ng8xc=",
      "rule_id": "5yQbPMfmKQdiRV35hS3B2l",
      "secondary_exposures": Array [],
      "undelegated_secondary_exposures": Array [],
      "value": Object {
        "sample_parameter": false,
      },
    },
  },
  "sdkInfo": ObjectContaining {
    "sdkType": "statsig-node-lite",
    "sdkVersion": Any<String>,
  },
  "sdkParams": Object {},
  "time": Any<Number>,
  "user": Object {
    "email": "testuser@statsig.com",
    "userID": "123",
  },
}
`;
